<html>
<body>
<pre>
<h1>µVision Build Log</h1>
<h2>Project:</h2>
C:\Users\yosef\Desktop\GuitarInvaders\GuitarInvaders.uvproj
Project File Date:  07/27/2021

<h2>Output:</h2>
Rebuild target 'GuitarInvaders'
assembling startup.s...
compiling Nokia5110.c...
assembling random.s...
compiling TExaS.c...
compiling GuitarInvaders.c...
GuitarInvaders.c(431): warning:  #177-D: variable "collided" was declared but never referenced
        int collided = 0; 
GuitarInvaders.c: 1 warning, 0 errors
compiling ADCSWTrigger.c...
compiling UART.c...
linking...
Program Size: Code=6464 RO-data=2652 RW-data=232 ZI-data=2184  
".\GuitarInvaders.axf" - 0 Error(s), 1 Warning(s).
s.axf" - 1 Error(s), 1 Warning(s).
Target not created
aders.c(700): error:  #65: expected a ";"
  }
GuitarInvaders.c: 1 warning, 4 errors
compiling ADCSWTrigger.c...
compiling UART.c...
".\GuitarInvaders.axf" - 4 Error(s), 1 Warning(s).
Target not created
ng tempPotValue = 0; 
GuitarInvaders.c(675): error:  #20: identifier "no" is undefined
      Note[i].image = no        te;
GuitarInvaders.c(675): error:  #65: expected a ";"
      Note[i].image = no        te;
GuitarInvaders.c(699): error:  #20: identifier "m" is undefined
    }m
GuitarInvaders.c(700): error:  #65: expected a ";"
  }
GuitarInvaders.c: 3 warnings, 8 errors
compiling ADCSWTrigger.c...
compiling UART.c...
".\GuitarInvaders.axf" - 8 Error(s), 3 Warning(s).
Target not created
