<html>
<body>
<pre>
<h1>µVision Build Log</h1>
<h2>Project:</h2>
C:\Users\yosef\Desktop\MSE450_Git\MSE450_FinalProject\GuitarInvaders\GuitarInvaders.uvproj
Project File Date:  07/27/2021

<h2>Output:</h2>
Rebuild target 'GuitarInvaders'
assembling startup.s...
compiling Nokia5110.c...
assembling random.s...
compiling TExaS.c...
compiling GuitarInvaders.c...
GuitarInvaders.c(84): warning:  #1295-D: Deprecated declaration GameOverScreen - give arg types
  void GameOverScreen();
GuitarInvaders.c(214): warning:  #177-D: variable "delayBeforeGameBool" was declared but never referenced
                int delayBeforeGameBool = 0;
GuitarInvaders.c(466): warning:  #177-D: variable "collided" was declared but never referenced
        int collided = 0; 
GuitarInvaders.c: 3 warnings, 0 errors
compiling ADCSWTrigger.c...
compiling UART.c...
linking...
Program Size: Code=7148 RO-data=2548 RW-data=236 ZI-data=2188  
".\GuitarInvaders.axf" - 0 Error(s), 3 Warning(s).
ed from guitarinvaders.o).
.\GuitarInvaders.axf: Error: L6218E: Undefined symbol Slide_Potentiometer (referred from guitarinvaders.o).
Not enough information to list image symbols.
Finished: 1 information, 0 warning and 4 error messages.
".\GuitarInvaders.axf" - 4 Error(s), 2 Warning(s).
Target not created
